Cases: Usage (3)
[ok]  -> exit 0 (14ms)
[ok] '1 = ' 'X' -> exit 0 (14ms)
[ok] 'X = 2' 'X^2 = 2' -> exit 0 (14ms)
--
[ok] Usage

Cases: LexError (6)
[ok] '1. = X' -> exit 1 (13ms)
[ok] '.23 = X' -> exit 1 (14ms)
[ok] '1.23.4 = X' -> exit 1 (13ms)
[ok] 'X^2 % 10 = 0' -> exit 1 (13ms)
[ok] '3 * @ = 1' -> exit 1 (13ms)
[ok] 'X^.2 = 1' -> exit 1 (15ms)
--
[ok] LexError

Cases: ParseError (22)
[ok] '' -> exit 1 (14ms)
[ok] '1 = ' -> exit 1 (14ms)
[ok] '1 + 1 =' -> exit 1 (15ms)
[ok] '1 = 1 = 1' -> exit 1 (14ms)
[ok] '= 1' -> exit 1 (13ms)
[ok] 'X - 1' -> exit 1 (15ms)
[ok] 'X = 0)' -> exit 1 (14ms)
[ok] 'X (= 0)' -> exit 1 (13ms)
[ok] 'X (= 0' -> exit 1 (14ms)
[ok] '(X = 0' -> exit 1 (14ms)
[ok] '(X = 0)' -> exit 1 (13ms)
[ok] 'X = 0)' -> exit 1 (13ms)
[ok] 'X^-1 = 1' -> exit 1 (23ms)
[ok] 'X^+1 = 1' -> exit 1 (14ms)
[ok] 'X^1.2 = 1' -> exit 1 (14ms)
[ok] '1X = 1' -> exit 1 (13ms)
[ok] '1X2 = 1' -> exit 1 (14ms)
[ok] 'X2 = 1' -> exit 1 (13ms)
[ok] '--1 = X' -> exit 1 (15ms)
[ok] '+-1 = X' -> exit 1 (14ms)
[ok] '-+1 = X' -> exit 1 (13ms)
[ok] '1 = ++X' -> exit 1 (14ms)
--
[ok] ParseError

Cases: ReduceError (4)
[ok] '1 / 0 = X' -> exit 1 (14ms)
[ok] '1 / (X^2 + 1) = X' -> exit 1 (14ms)
[ok] 'X = 0^0' -> exit 1 (13ms)
[ok] 'X = (X-X)^0' -> exit 1 (14ms)
--
[ok] ReduceError

Cases: Unsolvable (6)
[ok] 'X + Y = 0' -> exit 1 (14ms)
[ok] 'X^4 + 1 = 0' -> exit 1 (13ms)
[ok] '(X+1)^2*(X-1)^2 = 0' -> exit 1 (14ms)
[ok] 'X^3 + Y^4 + Z^2 = X^3 + Z^2' -> exit 1 (15ms)
[ok] 'X / X / X = 1' -> exit 1 (14ms)
[ok] '(X^2+1)^2 = 0' -> exit 1 (13ms)
--
[ok] Unsolvable

Cases: Solvable(Constant) (6)
[ok] '0 = 0' -> exit 0 (14ms)
[ok] '1 = 1' -> exit 0 (13ms)
[ok] 'X = X' -> exit 0 (14ms)
[ok] 'X + Y - Y = X + 1' -> exit 0 (13ms)
[ok] '(X+1)^4 = X^4 + 4 * X^3 + 6*X^2 + 4*X + 1' -> exit 0 (13ms)
[ok] '(X+1)^4 = X^4 + 4 * X^3 + 6*X^2 + 4*X' -> exit 0 (14ms)
--
[ok] Solvable(Constant)

Cases: Solvable(Linear) (14)
[ok] 'X = 0' -> exit 0 (15ms)
[ok] 'X = 1' -> exit 0 (13ms)
[ok] 'X = 1 + 1' -> exit 0 (13ms)
[ok] 'X = 1 - 1' -> exit 0 (14ms)
[ok] 'X = 1 * 1' -> exit 0 (13ms)
[ok] 'X = 1 / 1' -> exit 0 (14ms)
[ok] 'X = 1 / 1 / 1' -> exit 0 (14ms)
[ok] 'X = 1 ++ 2' -> exit 0 (13ms)
[ok] 'X = 1 -- 2' -> exit 0 (15ms)
[ok] 'X^100 / X^99 = 1' -> exit 0 (13ms)
[ok] 'X^10000000 / X^9999999 = 1' -> exit 0 (13ms)
[ok] 'X^0/X^2*X^3 = 2 * X' -> exit 0 (13ms)
[ok] 'X * Y / Y^2 * X * Y / X = 1' -> exit 0 (13ms)
[ok] '(X+1)^4 = X^4 + 4 * X^3 + 6*X^2' -> exit 0 (14ms)
--
[ok] Solvable(Linear)

Cases: Solvable(Quadratic) (9)
[ok] 'X^2 = 0' -> exit 0 (14ms)
[ok] 'X^2 = 1' -> exit 0 (29ms)
[ok] 'X^2 = 1 + 1' -> exit 0 (15ms)
[ok] 'X^2 = 1 - 1' -> exit 0 (15ms)
[ok] 'X^2 = 1 * 1' -> exit 0 (24ms)
[ok] 'X^2 = 1 / 1' -> exit 0 (24ms)
[ok] '(X + 1) * (X - 1) = 0' -> exit 0 (14ms)
[ok] '((X + 1) ^ 3 - 3 * X - 3 * X^2 - 1) / X = 0' -> exit 0 (15ms)
[ok] '0*X^3 + X^2 = 1' -> exit 0 (14ms)
--
[ok] Solvable(Quadratic)

Cases: Solvable(Cubic) (9)
[ok] 'X^3 = 0' -> exit 0 (13ms)
[ok] 'X^3 = 1' -> exit 0 (14ms)
[ok] 'X^3 = 1 + 1' -> exit 0 (13ms)
[ok] 'X^3 = 1 - 1' -> exit 0 (13ms)
[ok] 'X^3 = 1 * 1' -> exit 0 (15ms)
[ok] 'X^3 = 1 / 1' -> exit 0 (15ms)
[ok] '(X + 1) * (X - 1) * (X + 2) = 0' -> exit 0 (13ms)
[ok] '((X + 1) ^ 3 - 3 * X - 3 * X^2 - 1) = 0' -> exit 0 (14ms)
[ok] '(1 + 3)^100 = X^3' -> exit 0 (14ms)
--
[ok] Solvable(Cubic)

Cases: Extreme (8)
[ok] '(X+1)^100 = (X-1)^100' -> exit 1 (25ms)
[ok] '(X+1)^100 = (X+1)^100 + X' -> exit 0 (24ms)
[ok] 'あんぱん^3 = (1 + 2)^3 / 100' -> exit 0 (13ms)
[ok] '(((((((((((X  )^2)^2)^2)^2)^2)^2)^2)^2)^2)^2)^2 = 0' -> exit 1 (14ms)
[ok] '(((((((((((X+1)^2)^2)^2)^2)^2)^2)^2)^2)^2)^2)^2 = 0' -> exit 1 (1336ms)
[ok] '(X+1)^9 = 0' -> exit 1 (14ms)
[ok] '(X+1)^99 = 0' -> exit 1 (24ms)
[ok] '(X+1)^999 = 0' -> exit 1 (354ms)
--
[ok] Extreme

All tests passed
